[
  {
    "Name": "tzdata",
    "Version": "2019b",
    "Release": "1.el7",
    "Epoch": 0,
    "Arch": "noarch",
    "SrcName": "",
    "SrcVersion": "",
    "SrcRelease": "",
    "SrcEpoch": 0
  },
  {
    "Name": "setup",
    "Version": "2.8.71",
    "Release": "10.el7",
    "Epoch": 0,
    "Arch": "noarch",
    "SrcName": "",
    "SrcVersion": "",
    "SrcRelease": "",
    "SrcEpoch": 0
  },
  {
    "Name": "basesystem",
    "Version": "10.0",
    "Release": "7.el7",
    "Epoch": 0,
    "Arch": "noarch",
    "SrcName": "",
    "SrcVersion": "",
    "SrcRelease": "",
    "SrcEpoch": 0
  },
  {
    "Name": "nss-softokn-freebl",
    "Version": "3.44.0",
    "Release": "5.el7",
    "Epoch": 0,
    "Arch": "x86_64",
    "SrcName": "",
    "SrcVersion": "",
    "SrcRelease": "",
    "SrcEpoch": 0
  },
  {
    "Name": "glibc",
    "Version": "2.17",
    "Release": "292.el7",
    "Epoch": 0,
    "Arch": "x86_64",
    "SrcName": "",
    "SrcVersion": "",
    "SrcRelease": "",
    "SrcEpoch": 0
  },
  {
    "Name": "nss-util",
    "Version": "3.44.0",
    "Release": "3.el7",
    "Epoch": 0,
    "Arch": "x86_64",
    "SrcName": "",
    "SrcVersion": "",
    "SrcRelease": "",
    "SrcEpoch": 0
  },
  {
    "Name": "ncurses-libs",
    "Version": "5.9",
    "Release": "14.20130511.el7_4",
    "Epoch": 0,
    "Arch": "x86_64",
    "SrcName": "",
    "SrcVersion": "",
    "SrcRelease": "",
    "SrcEpoch": 0
  },
  {
    "Name": "libsepol",
    "Version": "2.5",
    "Release": "10.el7",
    "Epoch": 0,
    "Arch": "x86_64",
    "SrcName": "",
    "SrcVersion": "",
    "SrcRelease": "",
    "SrcEpoch": 0
  },
  {
    "Name": "libselinux",
    "Version": "2.5",
    "Release": "14.1.el7",
    "Epoch": 0,
    "Arch": "x86_64",
    "SrcName": "",
    "SrcVersion": "",
    "SrcRelease": "",
    "SrcEpoch": 0
  },
  {
    "Name": "info",
    "Version": "5.1",
    "Release": "5.el7",
    "Epoch": 0,
    "Arch": "x86_64",
    "SrcName": "",
    "SrcVersion": "",
    "SrcRelease": "",
    "SrcEpoch": 0
  },
  {
    "Name": "bzip2-libs",
    "Version": "1.0.6",
    "Release": "13.el7",
    "Epoch": 0,
    "Arch": "x86_64",
    "SrcName": "",
    "SrcVersion": "",
    "SrcRelease": "",
    "SrcEpoch": 0
  },
  {
    "Name": "popt",
    "Version": "1.13",
    "Release": "16.el7",
    "Epoch": 0,
    "Arch": "x86_64",
    "SrcName": "",
    "SrcVersion": "",
    "SrcRelease": "",
    "SrcEpoch": 0
  },
  {
    "Name": "libffi",
    "Version": "3.0.13",
    "Release": "18.el7",
    "Epoch": 0,
    "Arch": "x86_64",
    "SrcName": "",
    "SrcVersion": "",
    "SrcRelease": "",
    "SrcEpoch": 0
  },
  {
    "Name": "libattr",
    "Version": "2.4.46",
    "Release": "13.el7",
    "Epoch": 0,
    "Arch": "x86_64",
    "SrcName": "",
    "SrcVersion": "",
    "SrcRelease": "",
    "SrcEpoch": 0
  },
  {
    "Name": "libcap",
    "Version": "2.22",
    "Release": "10.el7",
    "Epoch": 0,
    "Arch": "x86_64",
    "SrcName": "",
    "SrcVersion": "",
    "SrcRelease": "",
    "SrcEpoch": 0
  },
  {
    "Name": "libgcrypt",
    "Version": "1.5.3",
    "Release": "14.el7",
    "Epoch": 0,
    "Arch": "x86_64",
    "SrcName": "",
    "SrcVersion": "",
    "SrcRelease": "",
    "SrcEpoch": 0
  },
  {
    "Name": "readline",
    "Version": "6.2",
    "Release": "11.el7",
    "Epoch": 0,
    "Arch": "x86_64",
    "SrcName": "",
    "SrcVersion": "",
    "SrcRelease": "",
    "SrcEpoch": 0
  },
  {
    "Name": "sed",
    "Version": "4.2.2",
    "Release": "5.el7",
    "Epoch": 0,
    "Arch": "x86_64",
    "SrcName": "",
    "SrcVersion": "",
    "SrcRelease": "",
    "SrcEpoch": 0
  },
  {
    "Name": "libcom_err",
    "Version": "1.42.9",
    "Release": "16.el7",
    "Epoch": 0,
    "Arch": "x86_64",
    "SrcName": "",
    "SrcVersion": "",
    "SrcRelease": "",
    "SrcEpoch": 0
  },
  {
    "Name": "cpio",
    "Version": "2.11",
    "Release": "27.el7",
    "Epoch": 0,
    "Arch": "x86_64",
    "SrcName": "",
    "SrcVersion": "",
    "SrcRelease": "",
    "SrcEpoch": 0
  },
  {
    "Name": "grep",
    "Version": "2.20",
    "Release": "3.el7",
    "Epoch": 0,
    "Arch": "x86_64",
    "SrcName": "",
    "SrcVersion": "",
    "SrcRelease": "",
    "SrcEpoch": 0
  },
  {
    "Name": "libcap-ng",
    "Version": "0.7.5",
    "Release": "4.el7",
    "Epoch": 0,
    "Arch": "x86_64",
    "SrcName": "",
    "SrcVersion": "",
    "SrcRelease": "",
    "SrcEpoch": 0
  },
  {
    "Name": "nss-softokn",
    "Version": "3.44.0",
    "Release": "5.el7",
    "Epoch": 0,
    "Arch": "x86_64",
    "SrcName": "",
    "SrcVersion": "",
    "SrcRelease": "",
    "SrcEpoch": 0
  },
  {
    "Name": "p11-kit",
    "Version": "0.23.5",
    "Release": "3.el7",
    "Epoch": 0,
    "Arch": "x86_64",
    "SrcName": "",
    "SrcVersion": "",
    "SrcRelease": "",
    "SrcEpoch": 0
  },
  {
    "Name": "gawk",
    "Version": "4.0.2",
    "Release": "4.el7_3.1",
    "Epoch": 0,
    "Arch": "x86_64",
    "SrcName": "",
    "SrcVersion": "",
    "SrcRelease": "",
    "SrcEpoch": 0
  },
  {
    "Name": "file-libs",
    "Version": "5.11",
    "Release": "35.el7",
    "Epoch": 0,
    "Arch": "x86_64",
    "SrcName": "",
    "SrcVersion": "",
    "SrcRelease": "",
    "SrcEpoch": 0
  },
  {
    "Name": "keyutils-libs",
    "Version": "1.5.8",
    "Release": "3.el7",
    "Epoch": 0,
    "Arch": "x86_64",
    "SrcName": "",
    "SrcVersion": "",
    "SrcRelease": "",
    "SrcEpoch": 0
  },
  {
    "Name": "acl",
    "Version": "2.2.51",
    "Release": "14.el7",
    "Epoch": 0,
    "Arch": "x86_64",
    "SrcName": "",
    "SrcVersion": "",
    "SrcRelease": "",
    "SrcEpoch": 0
  },
  {
    "Name": "libdb-utils",
    "Version": "5.3.21",
    "Release": "25.el7",
    "Epoch": 0,
    "Arch": "x86_64",
    "SrcName": "",
    "SrcVersion": "",
    "SrcRelease": "",
    "SrcEpoch": 0
  },
  {
    "Name": "which",
    "Version": "2.20",
    "Release": "7.el7",
    "Epoch": 0,
    "Arch": "x86_64",
    "SrcName": "",
    "SrcVersion": "",
    "SrcRelease": "",
    "SrcEpoch": 0
  },
  {
    "Name": "ncurses",
    "Version": "5.9",
    "Release": "14.20130511.el7_4",
    "Epoch": 0,
    "Arch": "x86_64",
    "SrcName": "",
    "SrcVersion": "",
    "SrcRelease": "",
    "SrcEpoch": 0
  },
  {
    "Name": "libverto",
    "Version": "0.2.5",
    "Release": "4.el7",
    "Epoch": 0,
    "Arch": "x86_64",
    "SrcName": "",
    "SrcVersion": "",
    "SrcRelease": "",
    "SrcEpoch": 0
  },
  {
    "Name": "ustr",
    "Version": "1.0.4",
    "Release": "16.el7",
    "Epoch": 0,
    "Arch": "x86_64",
    "SrcName": "",
    "SrcVersion": "",
    "SrcRelease": "",
    "SrcEpoch": 0
  },
  {
    "Name": "hardlink",
    "Version": "1.0",
    "Release": "19.el7",
    "Epoch": 1,
    "Arch": "x86_64",
    "SrcName": "",
    "SrcVersion": "",
    "SrcRelease": "",
    "SrcEpoch": 0
  },
  {
    "Name": "qrencode-libs",
    "Version": "3.4.1",
    "Release": "3.el7",
    "Epoch": 0,
    "Arch": "x86_64",
    "SrcName": "",
    "SrcVersion": "",
    "SrcRelease": "",
    "SrcEpoch": 0
  },
  {
    "Name": "gdbm",
    "Version": "1.10",
    "Release": "8.el7",
    "Epoch": 0,
    "Arch": "x86_64",
    "SrcName": "",
    "SrcVersion": "",
    "SrcRelease": "",
    "SrcEpoch": 0
  },
  {
    "Name": "p11-kit-trust",
    "Version": "0.23.5",
    "Release": "3.el7",
    "Epoch": 0,
    "Arch": "x86_64",
    "SrcName": "",
    "SrcVersion": "",
    "SrcRelease": "",
    "SrcEpoch": 0
  },
  {
    "Name": "coreutils",
    "Version": "8.22",
    "Release": "24.el7",
    "Epoch": 0,
    "Arch": "x86_64",
    "SrcName": "",
    "SrcVersion": "",
    "SrcRelease": "",
    "SrcEpoch": 0
  },
  {
    "Name": "krb5-libs",
    "Version": "1.15.1",
    "Release": "37.el7_7.2",
    "Epoch": 0,
    "Arch": "x86_64",
    "SrcName": "",
    "SrcVersion": "",
    "SrcRelease": "",
    "SrcEpoch": 0
  },
  {
    "Name": "python",
    "Version": "2.7.5",
    "Release": "86.el7",
    "Epoch": 0,
    "Arch": "x86_64",
    "SrcName": "",
    "SrcVersion": "",
    "SrcRelease": "",
    "SrcEpoch": 0
  },
  {
    "Name": "libmount",
    "Version": "2.23.2",
    "Release": "61.el7",
    "Epoch": 0,
    "Arch": "x86_64",
    "SrcName": "",
    "SrcVersion": "",
    "SrcRelease": "",
    "SrcEpoch": 0
  },
  {
    "Name": "shared-mime-info",
    "Version": "1.8",
    "Release": "4.el7",
    "Epoch": 0,
    "Arch": "x86_64",
    "SrcName": "",
    "SrcVersion": "",
    "SrcRelease": "",
    "SrcEpoch": 0
  },
  {
    "Name": "gzip",
    "Version": "1.5",
    "Release": "10.el7",
    "Epoch": 0,
    "Arch": "x86_64",
    "SrcName": "",
    "SrcVersion": "",
    "SrcRelease": "",
    "SrcEpoch": 0
  },
  {
    "Name": "shadow-utils",
    "Version": "4.6",
    "Release": "5.el7",
    "Epoch": 2,
    "Arch": "x86_64",
    "SrcName": "",
    "SrcVersion": "",
    "SrcRelease": "",
    "SrcEpoch": 0
  },
  {
    "Name": "libpwquality",
    "Version": "1.2.3",
    "Release": "5.el7",
    "Epoch": 0,
    "Arch": "x86_64",
    "SrcName": "",
    "SrcVersion": "",
    "SrcRelease": "",
    "SrcEpoch": 0
  },
  {
    "Name": "gobject-introspection",
    "Version": "1.56.1",
    "Release": "1.el7",
    "Epoch": 0,
    "Arch": "x86_64",
    "SrcName": "",
    "SrcVersion": "",
    "SrcRelease": "",
    "SrcEpoch": 0
  },
  {
    "Name": "python-six",
    "Version": "1.9.0",
    "Release": "2.el7",
    "Epoch": 0,
    "Arch": "noarch",
    "SrcName": "",
    "SrcVersion": "",
    "SrcRelease": "",
    "SrcEpoch": 0
  },
  {
    "Name": "python-dmidecode",
    "Version": "3.12.2",
    "Release": "3.el7",
    "Epoch": 0,
    "Arch": "x86_64",
    "SrcName": "",
    "SrcVersion": "",
    "SrcRelease": "",
    "SrcEpoch": 0
  },
  {
    "Name": "libutempter",
    "Version": "1.1.6",
    "Release": "4.el7",
    "Epoch": 0,
    "Arch": "x86_64",
    "SrcName": "",
    "SrcVersion": "",
    "SrcRelease": "",
    "SrcEpoch": 0
  },
  {
    "Name": "yum-metadata-parser",
    "Version": "1.1.4",
    "Release": "10.el7",
    "Epoch": 0,
    "Arch": "x86_64",
    "SrcName": "",
    "SrcVersion": "",
    "SrcRelease": "",
    "SrcEpoch": 0
  },
  {
    "Name": "python-backports",
    "Version": "1.0",
    "Release": "8.el7",
    "Epoch": 0,
    "Arch": "x86_64",
    "SrcName": "",
    "SrcVersion": "",
    "SrcRelease": "",
    "SrcEpoch": 0
  },
  {
    "Name": "python-ipaddress",
    "Version": "1.0.16",
    "Release": "2.el7",
    "Epoch": 0,
    "Arch": "noarch",
    "SrcName": "",
    "SrcVersion": "",
    "SrcRelease": "",
    "SrcEpoch": 0
  },
  {
    "Name": "python-setuptools",
    "Version": "0.9.8",
    "Release": "7.el7",
    "Epoch": 0,
    "Arch": "noarch",
    "SrcName": "",
    "SrcVersion": "",
    "SrcRelease": "",
    "SrcEpoch": 0
  },
  {
    "Name": "pyxattr",
    "Version": "0.5.1",
    "Release": "5.el7",
    "Epoch": 0,
    "Arch": "x86_64",
    "SrcName": "",
    "SrcVersion": "",
    "SrcRelease": "",
    "SrcEpoch": 0
  },
  {
    "Name": "python-chardet",
    "Version": "2.2.1",
    "Release": "3.el7",
    "Epoch": 0,
    "Arch": "noarch",
    "SrcName": "",
    "SrcVersion": "",
    "SrcRelease": "",
    "SrcEpoch": 0
  },
  {
    "Name": "python-inotify",
    "Version": "0.9.4",
    "Release": "4.el7",
    "Epoch": 0,
    "Arch": "noarch",
    "SrcName": "",
    "SrcVersion": "",
    "SrcRelease": "",
    "SrcEpoch": 0
  },
  {
    "Name": "libssh2",
    "Version": "1.8.0",
    "Release": "3.el7",
    "Epoch": 0,
    "Arch": "x86_64",
    "SrcName": "",
    "SrcVersion": "",
    "SrcRelease": "",
    "SrcEpoch": 0
  },
  {
    "Name": "nss",
    "Version": "3.44.0",
    "Release": "4.el7",
    "Epoch": 0,
    "Arch": "x86_64",
    "SrcName": "",
    "SrcVersion": "",
    "SrcRelease": "",
    "SrcEpoch": 0
  },
  {
    "Name": "nss-tools",
    "Version": "3.44.0",
    "Release": "4.el7",
    "Epoch": 0,
    "Arch": "x86_64",
    "SrcName": "",
    "SrcVersion": "",
    "SrcRelease": "",
    "SrcEpoch": 0
  },
  {
    "Name": "curl",
    "Version": "7.29.0",
    "Release": "54.el7",
    "Epoch": 0,
    "Arch": "x86_64",
    "SrcName": "",
    "SrcVersion": "",
    "SrcRelease": "",
    "SrcEpoch": 0
  },
  {
    "Name": "rpm",
    "Version": "4.11.3",
    "Release": "40.el7",
    "Epoch": 0,
    "Arch": "x86_64",
    "SrcName": "",
    "SrcVersion": "",
    "SrcRelease": "",
    "SrcEpoch": 0
  },
  {
    "Name": "libuser",
    "Version": "0.60",
    "Release": "9.el7",
    "Epoch": 0,
    "Arch": "x86_64",
    "SrcName": "",
    "SrcVersion": "",
    "SrcRelease": "",
    "SrcEpoch": 0
  },
  {
    "Name": "python-pycurl",
    "Version": "7.19.0",
    "Release": "19.el7",
    "Epoch": 0,
    "Arch": "x86_64",
    "SrcName": "",
    "SrcVersion": "",
    "SrcRelease": "",
    "SrcEpoch": 0
  },
  {
    "Name": "binutils",
    "Version": "2.27",
    "Release": "41.base.el7",
    "Epoch": 0,
    "Arch": "x86_64",
    "SrcName": "",
    "SrcVersion": "",
    "SrcRelease": "",
    "SrcEpoch": 0
  },
  {
    "Name": "gnupg2",
    "Version": "2.0.22",
    "Release": "5.el7_5",
    "Epoch": 0,
    "Arch": "x86_64",
    "SrcName": "",
    "SrcVersion": "",
    "SrcRelease": "",
    "SrcEpoch": 0
  },
  {
    "Name": "rpm-python",
    "Version": "4.11.3",
    "Release": "40.el7",
    "Epoch": 0,
    "Arch": "x86_64",
    "SrcName": "",
    "SrcVersion": "",
    "SrcRelease": "",
    "SrcEpoch": 0
  },
  {
    "Name": "pygpgme",
    "Version": "0.3",
    "Release": "9.el7",
    "Epoch": 0,
    "Arch": "x86_64",
    "SrcName": "",
    "SrcVersion": "",
    "SrcRelease": "",
    "SrcEpoch": 0
  },
  {
    "Name": "json-c",
    "Version": "0.11",
    "Release": "4.el7_0",
    "Epoch": 0,
    "Arch": "x86_64",
    "SrcName": "",
    "SrcVersion": "",
    "SrcRelease": "",
    "SrcEpoch": 0
  },
  {
    "Name": "procps-ng",
    "Version": "3.3.10",
    "Release": "26.el7",
    "Epoch": 0,
    "Arch": "x86_64",
    "SrcName": "",
    "SrcVersion": "",
    "SrcRelease": "",
    "SrcEpoch": 0
  },
  {
    "Name": "device-mapper",
    "Version": "1.02.158",
    "Release": "2.el7",
    "Epoch": 7,
    "Arch": "x86_64",
    "SrcName": "",
    "SrcVersion": "",
    "SrcRelease": "",
    "SrcEpoch": 0
  },
  {
    "Name": "cryptsetup-libs",
    "Version": "2.0.3",
    "Release": "5.el7",
    "Epoch": 0,
    "Arch": "x86_64",
    "SrcName": "",
    "SrcVersion": "",
    "SrcRelease": "",
    "SrcEpoch": 0
  },
  {
    "Name": "kmod",
    "Version": "20",
    "Release": "25.el7",
    "Epoch": 0,
    "Arch": "x86_64",
    "SrcName": "",
    "SrcVersion": "",
    "SrcRelease": "",
    "SrcEpoch": 0
  },
  {
    "Name": "systemd-libs",
    "Version": "219",
    "Release": "67.el7_7.1",
    "Epoch": 0,
    "Arch": "x86_64",
    "SrcName": "",
    "SrcVersion": "",
    "SrcRelease": "",
    "SrcEpoch": 0
  },
  {
    "Name": "systemd",
    "Version": "219",
    "Release": "67.el7_7.1",
    "Epoch": 0,
    "Arch": "x86_64",
    "SrcName": "",
    "SrcVersion": "",
    "SrcRelease": "",
    "SrcEpoch": 0
  },
  {
    "Name": "dbus",
    "Version": "1.10.24",
    "Release": "13.el7_6",
    "Epoch": 1,
    "Arch": "x86_64",
    "SrcName": "",
    "SrcVersion": "",
    "SrcRelease": "",
    "SrcEpoch": 0
  },
  {
    "Name": "dbus-python",
    "Version": "1.1.1",
    "Release": "9.el7",
    "Epoch": 0,
    "Arch": "x86_64",
    "SrcName": "",
    "SrcVersion": "",
    "SrcRelease": "",
    "SrcEpoch": 0
  },
  {
    "Name": "usermode",
    "Version": "1.111",
    "Release": "6.el7",
    "Epoch": 0,
    "Arch": "x86_64",
    "SrcName": "",
    "SrcVersion": "",
    "SrcRelease": "",
    "SrcEpoch": 0
  },
  {
    "Name": "subscription-manager-rhsm",
    "Version": "1.24.13",
    "Release": "3.el7_7",
    "Epoch": 0,
    "Arch": "x86_64",
    "SrcName": "",
    "SrcVersion": "",
    "SrcRelease": "",
    "SrcEpoch": 0
  },
  {
    "Name": "yum-plugin-ovl",
    "Version": "1.1.31",
    "Release": "52.el7",
    "Epoch": 0,
    "Arch": "noarch",
    "SrcName": "",
    "SrcVersion": "",
    "SrcRelease": "",
    "SrcEpoch": 0
  },
  {
    "Name": "gdb-gdbserver",
    "Version": "7.6.1",
    "Release": "115.el7",
    "Epoch": 0,
    "Arch": "x86_64",
    "SrcName": "",
    "SrcVersion": "",
    "SrcRelease": "",
    "SrcEpoch": 0
  },
  {
    "Name": "libgcc",
    "Version": "4.8.5",
    "Release": "39.el7",
    "Epoch": 0,
    "Arch": "x86_64",
    "SrcName": "",
    "SrcVersion": "",
    "SrcRelease": "",
    "SrcEpoch": 0
  },
  {
    "Name": "redhat-release-server",
    "Version": "7.7",
    "Release": "10.el7",
    "Epoch": 0,
    "Arch": "x86_64",
    "SrcName": "",
    "SrcVersion": "",
    "SrcRelease": "",
    "SrcEpoch": 0
  },
  {
    "Name": "filesystem",
    "Version": "3.2",
    "Release": "25.el7",
    "Epoch": 0,
    "Arch": "x86_64",
    "SrcName": "",
    "SrcVersion": "",
    "SrcRelease": "",
    "SrcEpoch": 0
  },
  {
    "Name": "ncurses-base",
    "Version": "5.9",
    "Release": "14.20130511.el7_4",
    "Epoch": 0,
    "Arch": "noarch",
    "SrcName": "",
    "SrcVersion": "",
    "SrcRelease": "",
    "SrcEpoch": 0
  },
  {
    "Name": "glibc-common",
    "Version": "2.17",
    "Release": "292.el7",
    "Epoch": 0,
    "Arch": "x86_64",
    "SrcName": "",
    "SrcVersion": "",
    "SrcRelease": "",
    "SrcEpoch": 0
  },
  {
    "Name": "nspr",
    "Version": "4.21.0",
    "Release": "1.el7",
    "Epoch": 0,
    "Arch": "x86_64",
    "SrcName": "",
    "SrcVersion": "",
    "SrcRelease": "",
    "SrcEpoch": 0
  },
  {
    "Name": "libstdc++",
    "Version": "4.8.5",
    "Release": "39.el7",
    "Epoch": 0,
    "Arch": "x86_64",
    "SrcName": "",
    "SrcVersion": "",
    "SrcRelease": "",
    "SrcEpoch": 0
  },
  {
    "Name": "bash",
    "Version": "4.2.46",
    "Release": "33.el7",
    "Epoch": 0,
    "Arch": "x86_64",
    "SrcName": "",
    "SrcVersion": "",
    "SrcRelease": "",
    "SrcEpoch": 0
  },
  {
    "Name": "pcre",
    "Version": "8.32",
    "Release": "17.el7",
    "Epoch": 0,
    "Arch": "x86_64",
    "SrcName": "",
    "SrcVersion": "",
    "SrcRelease": "",
    "SrcEpoch": 0
  },
  {
    "Name": "zlib",
    "Version": "1.2.7",
    "Release": "18.el7",
    "Epoch": 0,
    "Arch": "x86_64",
    "SrcName": "",
    "SrcVersion": "",
    "SrcRelease": "",
    "SrcEpoch": 0
  },
  {
    "Name": "xz-libs",
    "Version": "5.2.2",
    "Release": "1.el7",
    "Epoch": 0,
    "Arch": "x86_64",
    "SrcName": "",
    "SrcVersion": "",
    "SrcRelease": "",
    "SrcEpoch": 0
  },
  {
    "Name": "libdb",
    "Version": "5.3.21",
    "Release": "25.el7",
    "Epoch": 0,
    "Arch": "x86_64",
    "SrcName": "",
    "SrcVersion": "",
    "SrcRelease": "",
    "SrcEpoch": 0
  },
  {
    "Name": "elfutils-libelf",
    "Version": "0.176",
    "Release": "2.el7",
    "Epoch": 0,
    "Arch": "x86_64",
    "SrcName": "",
    "SrcVersion": "",
    "SrcRelease": "",
    "SrcEpoch": 0
  },
  {
    "Name": "libgpg-error",
    "Version": "1.12",
    "Release": "3.el7",
    "Epoch": 0,
    "Arch": "x86_64",
    "SrcName": "",
    "SrcVersion": "",
    "SrcRelease": "",
    "SrcEpoch": 0
  },
  {
    "Name": "libacl",
    "Version": "2.2.51",
    "Release": "14.el7",
    "Epoch": 0,
    "Arch": "x86_64",
    "SrcName": "",
    "SrcVersion": "",
    "SrcRelease": "",
    "SrcEpoch": 0
  },
  {
    "Name": "chkconfig",
    "Version": "1.7.4",
    "Release": "1.el7",
    "Epoch": 0,
    "Arch": "x86_64",
    "SrcName": "",
    "SrcVersion": "",
    "SrcRelease": "",
    "SrcEpoch": 0
  },
  {
    "Name": "libxml2",
    "Version": "2.9.1",
    "Release": "6.el7_2.3",
    "Epoch": 0,
    "Arch": "x86_64",
    "SrcName": "",
    "SrcVersion": "",
    "SrcRelease": "",
    "SrcEpoch": 0
  },
  {
    "Name": "lua",
    "Version": "5.1.4",
    "Release": "15.el7",
    "Epoch": 0,
    "Arch": "x86_64",
    "SrcName": "",
    "SrcVersion": "",
    "SrcRelease": "",
    "SrcEpoch": 0
  },
  {
    "Name": "libuuid",
    "Version": "2.23.2",
    "Release": "61.el7",
    "Epoch": 0,
    "Arch": "x86_64",
    "SrcName": "",
    "SrcVersion": "",
    "SrcRelease": "",
    "SrcEpoch": 0
  },
  {
    "Name": "sqlite",
    "Version": "3.7.17",
    "Release": "8.el7",
    "Epoch": 0,
    "Arch": "x86_64",
    "SrcName": "",
    "SrcVersion": "",
    "SrcRelease": "",
    "SrcEpoch": 0
  },
  {
    "Name": "diffutils",
    "Version": "3.3",
    "Release": "5.el7",
    "Epoch": 0,
    "Arch": "x86_64",
    "SrcName": "",
    "SrcVersion": "",
    "SrcRelease": "",
    "SrcEpoch": 0
  },
  {
    "Name": "expat",
    "Version": "2.1.0",
    "Release": "10.el7_3",
    "Epoch": 0,
    "Arch": "x86_64",
    "SrcName": "",
    "SrcVersion": "",
    "SrcRelease": "",
    "SrcEpoch": 0
  },
  {
    "Name": "audit-libs",
    "Version": "2.8.5",
    "Release": "4.el7",
    "Epoch": 0,
    "Arch": "x86_64",
    "SrcName": "",
    "SrcVersion": "",
    "SrcRelease": "",
    "SrcEpoch": 0
  },
  {
    "Name": "libassuan",
    "Version": "2.1.0",
    "Release": "3.el7",
    "Epoch": 0,
    "Arch": "x86_64",
    "SrcName": "",
    "SrcVersion": "",
    "SrcRelease": "",
    "SrcEpoch": 0
  },
  {
    "Name": "xz",
    "Version": "5.2.2",
    "Release": "1.el7",
    "Epoch": 0,
    "Arch": "x86_64",
    "SrcName": "",
    "SrcVersion": "",
    "SrcRelease": "",
    "SrcEpoch": 0
  },
  {
    "Name": "findutils",
    "Version": "4.5.11",
    "Release": "6.el7",
    "Epoch": 1,
    "Arch": "x86_64",
    "SrcName": "",
    "SrcVersion": "",
    "SrcRelease": "",
    "SrcEpoch": 0
  },
  {
    "Name": "lz4",
    "Version": "1.7.5",
    "Release": "3.el7",
    "Epoch": 0,
    "Arch": "x86_64",
    "SrcName": "",
    "SrcVersion": "",
    "SrcRelease": "",
    "SrcEpoch": 0
  },
  {
    "Name": "pinentry",
    "Version": "0.8.1",
    "Release": "17.el7",
    "Epoch": 0,
    "Arch": "x86_64",
    "SrcName": "",
    "SrcVersion": "",
    "SrcRelease": "",
    "SrcEpoch": 0
  },
  {
    "Name": "tar",
    "Version": "1.26",
    "Release": "35.el7",
    "Epoch": 2,
    "Arch": "x86_64",
    "SrcName": "",
    "SrcVersion": "",
    "SrcRelease": "",
    "SrcEpoch": 0
  },
  {
    "Name": "kmod-libs",
    "Version": "20",
    "Release": "25.el7",
    "Epoch": 0,
    "Arch": "x86_64",
    "SrcName": "",
    "SrcVersion": "",
    "SrcRelease": "",
    "SrcEpoch": 0
  },
  {
    "Name": "libidn",
    "Version": "1.28",
    "Release": "4.el7",
    "Epoch": 0,
    "Arch": "x86_64",
    "SrcName": "",
    "SrcVersion": "",
    "SrcRelease": "",
    "SrcEpoch": 0
  },
  {
    "Name": "gmp",
    "Version": "6.0.0",
    "Release": "15.el7",
    "Epoch": 1,
    "Arch": "x86_64",
    "SrcName": "",
    "SrcVersion": "",
    "SrcRelease": "",
    "SrcEpoch": 0
  },
  {
    "Name": "libnl",
    "Version": "1.1.4",
    "Release": "3.el7",
    "Epoch": 0,
    "Arch": "x86_64",
    "SrcName": "",
    "SrcVersion": "",
    "SrcRelease": "",
    "SrcEpoch": 0
  },
  {
    "Name": "libsemanage",
    "Version": "2.5",
    "Release": "14.el7",
    "Epoch": 0,
    "Arch": "x86_64",
    "SrcName": "",
    "SrcVersion": "",
    "SrcRelease": "",
    "SrcEpoch": 0
  },
  {
    "Name": "dmidecode",
    "Version": "3.2",
    "Release": "3.el7",
    "Epoch": 1,
    "Arch": "x86_64",
    "SrcName": "",
    "SrcVersion": "",
    "SrcRelease": "",
    "SrcEpoch": 0
  },
  {
    "Name": "libsmartcols",
    "Version": "2.23.2",
    "Release": "61.el7",
    "Epoch": 0,
    "Arch": "x86_64",
    "SrcName": "",
    "SrcVersion": "",
    "SrcRelease": "",
    "SrcEpoch": 0
  },
  {
    "Name": "libtasn1",
    "Version": "4.10",
    "Release": "1.el7",
    "Epoch": 0,
    "Arch": "x86_64",
    "SrcName": "",
    "SrcVersion": "",
    "SrcRelease": "",
    "SrcEpoch": 0
  },
  {
    "Name": "ca-certificates",
    "Version": "2018.2.22",
    "Release": "70.0.el7_5",
    "Epoch": 0,
    "Arch": "noarch",
    "SrcName": "",
    "SrcVersion": "",
    "SrcRelease": "",
    "SrcEpoch": 0
  },
  {
    "Name": "openssl-libs",
    "Version": "1.0.2k",
    "Release": "19.el7",
    "Epoch": 1,
    "Arch": "x86_64",
    "SrcName": "",
    "SrcVersion": "",
    "SrcRelease": "",
    "SrcEpoch": 0
  },
  {
    "Name": "python-libs",
    "Version": "2.7.5",
    "Release": "86.el7",
    "Epoch": 0,
    "Arch": "x86_64",
    "SrcName": "",
    "SrcVersion": "",
    "SrcRelease": "",
    "SrcEpoch": 0
  },
  {
    "Name": "libblkid",
    "Version": "2.23.2",
    "Release": "61.el7",
    "Epoch": 0,
    "Arch": "x86_64",
    "SrcName": "",
    "SrcVersion": "",
    "SrcRelease": "",
    "SrcEpoch": 0
  },
  {
    "Name": "glib2",
    "Version": "2.56.1",
    "Release": "5.el7",
    "Epoch": 0,
    "Arch": "x86_64",
    "SrcName": "",
    "SrcVersion": "",
    "SrcRelease": "",
    "SrcEpoch": 0
  },
  {
    "Name": "python-iniparse",
    "Version": "0.4",
    "Release": "9.el7",
    "Epoch": 0,
    "Arch": "noarch",
    "SrcName": "",
    "SrcVersion": "",
    "SrcRelease": "",
    "SrcEpoch": 0
  },
  {
    "Name": "cracklib",
    "Version": "2.9.0",
    "Release": "11.el7",
    "Epoch": 0,
    "Arch": "x86_64",
    "SrcName": "",
    "SrcVersion": "",
    "SrcRelease": "",
    "SrcEpoch": 0
  },
  {
    "Name": "cracklib-dicts",
    "Version": "2.9.0",
    "Release": "11.el7",
    "Epoch": 0,
    "Arch": "x86_64",
    "SrcName": "",
    "SrcVersion": "",
    "SrcRelease": "",
    "SrcEpoch": 0
  },
  {
    "Name": "pam",
    "Version": "1.1.8",
    "Release": "22.el7",
    "Epoch": 0,
    "Arch": "x86_64",
    "SrcName": "",
    "SrcVersion": "",
    "SrcRelease": "",
    "SrcEpoch": 0
  },
  {
    "Name": "python-dateutil",
    "Version": "1.5",
    "Release": "7.el7",
    "Epoch": 0,
    "Arch": "noarch",
    "SrcName": "",
    "SrcVersion": "",
    "SrcRelease": "",
    "SrcEpoch": 0
  },
  {
    "Name": "libxml2-python",
    "Version": "2.9.1",
    "Release": "6.el7_2.3",
    "Epoch": 0,
    "Arch": "x86_64",
    "SrcName": "",
    "SrcVersion": "",
    "SrcRelease": "",
    "SrcEpoch": 0
  },
  {
    "Name": "python-gobject-base",
    "Version": "3.22.0",
    "Release": "1.el7_4.1",
    "Epoch": 0,
    "Arch": "x86_64",
    "SrcName": "",
    "SrcVersion": "",
    "SrcRelease": "",
    "SrcEpoch": 0
  },
  {
    "Name": "pkgconfig",
    "Version": "0.27.1",
    "Release": "4.el7",
    "Epoch": 1,
    "Arch": "x86_64",
    "SrcName": "",
    "SrcVersion": "",
    "SrcRelease": "",
    "SrcEpoch": 0
  },
  {
    "Name": "python-ethtool",
    "Version": "0.8",
    "Release": "8.el7",
    "Epoch": 0,
    "Arch": "x86_64",
    "SrcName": "",
    "SrcVersion": "",
    "SrcRelease": "",
    "SrcEpoch": 0
  },
  {
    "Name": "python-decorator",
    "Version": "3.4.0",
    "Release": "3.el7",
    "Epoch": 0,
    "Arch": "noarch",
    "SrcName": "",
    "SrcVersion": "",
    "SrcRelease": "",
    "SrcEpoch": 0
  },
  {
    "Name": "python-backports-ssl_match_hostname",
    "Version": "3.5.0.1",
    "Release": "1.el7",
    "Epoch": 0,
    "Arch": "noarch",
    "SrcName": "",
    "SrcVersion": "",
    "SrcRelease": "",
    "SrcEpoch": 0
  },
  {
    "Name": "pyliblzma",
    "Version": "0.5.3",
    "Release": "11.el7",
    "Epoch": 0,
    "Arch": "x86_64",
    "SrcName": "",
    "SrcVersion": "",
    "SrcRelease": "",
    "SrcEpoch": 0
  },
  {
    "Name": "python-syspurpose",
    "Version": "1.24.13",
    "Release": "3.el7_7",
    "Epoch": 0,
    "Arch": "x86_64",
    "SrcName": "",
    "SrcVersion": "",
    "SrcRelease": "",
    "SrcEpoch": 0
  },
  {
    "Name": "python-kitchen",
    "Version": "1.1.1",
    "Release": "5.el7",
    "Epoch": 0,
    "Arch": "noarch",
    "SrcName": "",
    "SrcVersion": "",
    "SrcRelease": "",
    "SrcEpoch": 0
  },
  {
    "Name": "cyrus-sasl-lib",
    "Version": "2.1.26",
    "Release": "23.el7",
    "Epoch": 0,
    "Arch": "x86_64",
    "SrcName": "",
    "SrcVersion": "",
    "SrcRelease": "",
    "SrcEpoch": 0
  },
  {
    "Name": "nss-pem",
    "Version": "1.0.3",
    "Release": "7.el7",
    "Epoch": 0,
    "Arch": "x86_64",
    "SrcName": "",
    "SrcVersion": "",
    "SrcRelease": "",
    "SrcEpoch": 0
  },
  {
    "Name": "nss-sysinit",
    "Version": "3.44.0",
    "Release": "4.el7",
    "Epoch": 0,
    "Arch": "x86_64",
    "SrcName": "",
    "SrcVersion": "",
    "SrcRelease": "",
    "SrcEpoch": 0
  },
  {
    "Name": "libcurl",
    "Version": "7.29.0",
    "Release": "54.el7",
    "Epoch": 0,
    "Arch": "x86_64",
    "SrcName": "",
    "SrcVersion": "",
    "SrcRelease": "",
    "SrcEpoch": 0
  },
  {
    "Name": "rpm-libs",
    "Version": "4.11.3",
    "Release": "40.el7",
    "Epoch": 0,
    "Arch": "x86_64",
    "SrcName": "",
    "SrcVersion": "",
    "SrcRelease": "",
    "SrcEpoch": 0
  },
  {
    "Name": "openldap",
    "Version": "2.4.44",
    "Release": "21.el7_6",
    "Epoch": 0,
    "Arch": "x86_64",
    "SrcName": "",
    "SrcVersion": "",
    "SrcRelease": "",
    "SrcEpoch": 0
  },
  {
    "Name": "passwd",
    "Version": "0.79",
    "Release": "5.el7",
    "Epoch": 0,
    "Arch": "x86_64",
    "SrcName": "",
    "SrcVersion": "",
    "SrcRelease": "",
    "SrcEpoch": 0
  },
  {
    "Name": "python-urlgrabber",
    "Version": "3.10",
    "Release": "9.el7",
    "Epoch": 0,
    "Arch": "noarch",
    "SrcName": "",
    "SrcVersion": "",
    "SrcRelease": "",
    "SrcEpoch": 0
  },
  {
    "Name": "pth",
    "Version": "2.0.7",
    "Release": "23.el7",
    "Epoch": 0,
    "Arch": "x86_64",
    "SrcName": "",
    "SrcVersion": "",
    "SrcRelease": "",
    "SrcEpoch": 0
  },
  {
    "Name": "rpm-build-libs",
    "Version": "4.11.3",
    "Release": "40.el7",
    "Epoch": 0,
    "Arch": "x86_64",
    "SrcName": "",
    "SrcVersion": "",
    "SrcRelease": "",
    "SrcEpoch": 0
  },
  {
    "Name": "gpgme",
    "Version": "1.3.2",
    "Release": "5.el7",
    "Epoch": 0,
    "Arch": "x86_64",
    "SrcName": "",
    "SrcVersion": "",
    "SrcRelease": "",
    "SrcEpoch": 0
  },
  {
    "Name": "yum",
    "Version": "3.4.3",
    "Release": "163.el7",
    "Epoch": 0,
    "Arch": "noarch",
    "SrcName": "",
    "SrcVersion": "",
    "SrcRelease": "",
    "SrcEpoch": 0
  },
  {
    "Name": "util-linux",
    "Version": "2.23.2",
    "Release": "61.el7",
    "Epoch": 0,
    "Arch": "x86_64",
    "SrcName": "",
    "SrcVersion": "",
    "SrcRelease": "",
    "SrcEpoch": 0
  },
  {
    "Name": "kpartx",
    "Version": "0.4.9",
    "Release": "127.el7",
    "Epoch": 0,
    "Arch": "x86_64",
    "SrcName": "",
    "SrcVersion": "",
    "SrcRelease": "",
    "SrcEpoch": 0
  },
  {
    "Name": "device-mapper-libs",
    "Version": "1.02.158",
    "Release": "2.el7",
    "Epoch": 7,
    "Arch": "x86_64",
    "SrcName": "",
    "SrcVersion": "",
    "SrcRelease": "",
    "SrcEpoch": 0
  },
  {
    "Name": "dracut",
    "Version": "033",
    "Release": "564.el7",
    "Epoch": 0,
    "Arch": "x86_64",
    "SrcName": "",
    "SrcVersion": "",
    "SrcRelease": "",
    "SrcEpoch": 0
  },
  {
    "Name": "elfutils-libs",
    "Version": "0.176",
    "Release": "2.el7",
    "Epoch": 0,
    "Arch": "x86_64",
    "SrcName": "",
    "SrcVersion": "",
    "SrcRelease": "",
    "SrcEpoch": 0
  },
  {
    "Name": "dbus-libs",
    "Version": "1.10.24",
    "Release": "13.el7_6",
    "Epoch": 1,
    "Arch": "x86_64",
    "SrcName": "",
    "SrcVersion": "",
    "SrcRelease": "",
    "SrcEpoch": 0
  },
  {
    "Name": "elfutils-default-yama-scope",
    "Version": "0.176",
    "Release": "2.el7",
    "Epoch": 0,
    "Arch": "noarch",
    "SrcName": "",
    "SrcVersion": "",
    "SrcRelease": "",
    "SrcEpoch": 0
  },
  {
    "Name": "dbus-glib",
    "Version": "0.100",
    "Release": "7.el7",
    "Epoch": 0,
    "Arch": "x86_64",
    "SrcName": "",
    "SrcVersion": "",
    "SrcRelease": "",
    "SrcEpoch": 0
  },
  {
    "Name": "virt-what",
    "Version": "1.18",
    "Release": "4.el7",
    "Epoch": 0,
    "Arch": "x86_64",
    "SrcName": "",
    "SrcVersion": "",
    "SrcRelease": "",
    "SrcEpoch": 0
  },
  {
    "Name": "subscription-manager-rhsm-certificates",
    "Version": "1.24.13",
    "Release": "3.el7_7",
    "Epoch": 0,
    "Arch": "x86_64",
    "SrcName": "",
    "SrcVersion": "",
    "SrcRelease": "",
    "SrcEpoch": 0
  },
  {
    "Name": "subscription-manager",
    "Version": "1.24.13",
    "Release": "3.el7_7",
    "Epoch": 0,
    "Arch": "x86_64",
    "SrcName": "",
    "SrcVersion": "",
    "SrcRelease": "",
    "SrcEpoch": 0
  },
  {
    "Name": "yum-utils",
    "Version": "1.1.31",
    "Release": "52.el7",
    "Epoch": 0,
    "Arch": "noarch",
    "SrcName": "",
    "SrcVersion": "",
    "SrcRelease": "",
    "SrcEpoch": 0
  },
  {
    "Name": "vim-minimal",
    "Version": "7.4.629",
    "Release": "6.el7",
    "Epoch": 2,
    "Arch": "x86_64",
    "SrcName": "",
    "SrcVersion": "",
    "SrcRelease": "",
    "SrcEpoch": 0
  },
  {
    "Name": "rootfiles",
    "Version": "8.1",
    "Release": "11.el7",
    "Epoch": 0,
    "Arch": "noarch",
    "SrcName": "",
    "SrcVersion": "",
    "SrcRelease": "",
    "SrcEpoch": 0
  }
]